Inbox
3 pending captures

▸ [Proposed-2]   {"index":2,"note":"seeded pending row"}                       <reltime>
  [Proposed-1]   {"index":1,"note":"seeded pending row"}                       <reltime>
  [Proposed-0]   {"index":0,"note":"seeded pending row"}                       <reltime>

↑↓ select · [A] accept · [E] edit · [R] reject · enter preview · q quit