Memories
Filters:  Type: all  Tag: -  Scope: all  Sort: updated↓  (f cycle, c clear)
▸ [bugfix]     seed/bugfix/19                        <reltime>  project
  [scene-pat…] seed/scene-pattern/18                 <reltime>  project
  [perf-gotc…] seed/perf-gotcha/17                   <reltime>  project
  [bugfix]     seed/bugfix/16                        <reltime>  project
  [scene-pat…] seed/scene-pattern/15                 <reltime>  project
  [perf-gotc…] seed/perf-gotcha/14                   <reltime>  project
  [bugfix]     seed/bugfix/13                        <reltime>  project
  [scene-pat…] seed/scene-pattern/12                 <reltime>  project
  [perf-gotc…] seed/perf-gotcha/11                   <reltime>  project
  [bugfix]     seed/bugfix/10                        <reltime>  project
  [scene-pat…] seed/scene-pattern/09                 <reltime>  project
  [perf-gotc…] seed/perf-gotcha/08                   <reltime>  project
  [bugfix]     seed/bugfix/07                        <reltime>  project
  [scene-pat…] seed/scene-pattern/06                 <reltime>  project
  [perf-gotc…] seed/perf-gotcha/05                   <reltime>  project
  [bugfix]     seed/bugfix/04                        <reltime>  project
  [scene-pat…] seed/scene-pattern/03                 <reltime>  project
  [perf-gotc…] seed/perf-gotcha/02                   <reltime>  project
  [bugfix]     seed/bugfix/01                        <reltime>  project
  [scene-pat…] seed/scene-pattern/00                 <reltime>  project

Page 1 of 1 · 20 total · ↑↓ row · n next · p prev · enter open · f filter · q quit