Memories
Filters:  Type: perf-gotcha  Tag: -  Scope: all  Sort: updated↓  (f cycle, c clear)
▸ [perf-gotc…] seed/perf-gotcha/17                   <reltime>  project
  [perf-gotc…] seed/perf-gotcha/14                   <reltime>  project
  [perf-gotc…] seed/perf-gotcha/11                   <reltime>  project
  [perf-gotc…] seed/perf-gotcha/08                   <reltime>  project
  [perf-gotc…] seed/perf-gotcha/05                   <reltime>  project
  [perf-gotc…] seed/perf-gotcha/02                   <reltime>  project

Page 1 of 1 · 6 total · ↑↓ row · n next · p prev · enter open · f filter · q quit